E:\Trunks\moonwater-fishing-source-20260920\tools\generate_fishing_details.py:11: DeprecationWarning: 'Material.use_nodes' is expected to be removed in Blender 6.0
  m=bpy.data.materials.new(n);m.diffuse_color=(*c,1);m.use_nodes=True;p=m.node_tree.nodes.get('Principled BSDF');p.inputs['Base Color'].default_value=(*c,1);p.inputs['Roughness'].default_value=.65;p.inputs['Metallic'].default_value=metal;p.inputs['Emission Color'].default_value=(*c,1);p.inputs['Emission Strength'].default_value=glow;return m
INFO Draco mesh compression is available, use library at C:\Program Files\Blender Foundation\Blender 5.0\5.0\scripts\addons_core\io_scene_gltf2\extern_draco.dll
21:13:56 | INFO: Starting glTF 2.0 export
21:13:56 | INFO: Extracting primitive: Cube
21:13:56 | INFO: Primitives created: 1
21:13:56 | INFO: Extracting primitive: Cube.001
21:13:56 | INFO: Primitives created: 1
21:13:56 | INFO: Extracting primitive: Cube.002
21:13:56 | INFO: Primitives created: 1
21:13:56 | INFO: Extracting primitive: Cube.003
21:13:56 | INFO: Primitives created: 1
21:13:56 | INFO: Extracting primitive: Carry_handle
21:13:56 | INFO: Primitives created: 1
21:13:56 | INFO: Extracting primitive: Cube.004
21:13:56 | INFO: Primitives created: 1
21:13:56 | INFO: Extracting primitive: Cube.005
21:13:56 | INFO: Primitives created: 1
21:13:56 | INFO: Extracting primitive: Cube.006
21:13:56 | INFO: Primitives created: 1
21:13:56 | INFO: Finished glTF 2.0 export in 0.012361526489257812 s

21:13:56 | INFO: Starting glTF 2.0 export
21:13:56 | INFO: Extracting primitive: Splayed_leg
21:13:56 | INFO: Primitives created: 1
21:13:56 | INFO: Extracting primitive: Splayed_leg.001
21:13:56 | INFO: Primitives created: 1
21:13:56 | INFO: Extracting primitive: Splayed_leg.002
21:13:56 | INFO: Primitives created: 1
21:13:56 | INFO: Extracting primitive: Splayed_leg.003
21:13:56 | INFO: Primitives created: 1
21:13:56 | INFO: Extracting primitive: Cube.007
21:13:56 | INFO: Primitives created: 1
21:13:56 | INFO: Extracting primitive: Cube.008
21:13:56 | INFO: Primitives created: 1
21:13:56 | INFO: Extracting primitive: Cube.009
21:13:56 | INFO: Primitives created: 1
21:13:56 | INFO: Extracting primitive: Cube.010
21:13:56 | INFO: Primitives created: 1
21:13:56 | INFO: Finished glTF 2.0 export in 0.009116888046264648 s

21:13:56 | INFO: Starting glTF 2.0 export
21:13:56 | INFO: Extracting primitive: Hollow_bucket
21:13:56 | INFO: Primitives created: 1
21:13:56 | INFO: Extracting primitive: Torus
21:13:56 | INFO: Primitives created: 1
21:13:56 | INFO: Extracting primitive: Swing_handle
21:13:56 | INFO: Primitives created: 1
21:13:56 | INFO: Extracting primitive: Wood_grip
21:13:56 | INFO: Primitives created: 1
21:13:56 | INFO: Finished glTF 2.0 export in 0.007090330123901367 s

21:13:56 | INFO: Starting glTF 2.0 export
21:13:56 | INFO: Extracting primitive: Sphere
21:13:56 | INFO: Primitives created: 1
21:13:56 | INFO: Extracting primitive: Cone
21:13:56 | INFO: Primitives created: 1
21:13:56 | INFO: Extracting primitive: Cone.001
21:13:56 | INFO: Primitives created: 1
21:13:56 | INFO: Extracting primitive: Cube.011
21:13:56 | INFO: Primitives created: 1
21:13:56 | INFO: Finished glTF 2.0 export in 0.0065042972564697266 s

21:13:56 | INFO: Starting glTF 2.0 export
21:13:56 | INFO: Extracting primitive: Hook
21:13:56 | INFO: Primitives created: 1
21:13:56 | INFO: Extracting primitive: Sphere.001
21:13:56 | INFO: Primitives created: 1
21:13:56 | INFO: Extracting primitive: Kernel_crease
21:13:56 | INFO: Primitives created: 1
21:13:56 | INFO: Extracting primitive: Sphere.002
21:13:56 | INFO: Primitives created: 1
21:13:56 | INFO: Extracting primitive: Kernel_crease.001
21:13:56 | INFO: Primitives created: 1
21:13:56 | INFO: Extracting primitive: Sphere.003
21:13:56 | INFO: Primitives created: 1
21:13:56 | INFO: Extracting primitive: Kernel_crease.002
21:13:56 | INFO: Primitives created: 1
21:13:56 | INFO: Finished glTF 2.0 export in 0.008511543273925781 s

21:13:56 | INFO: Starting glTF 2.0 export
21:13:56 | INFO: Extracting primitive: Hook.001
21:13:56 | INFO: Primitives created: 1
21:13:56 | INFO: Extracting primitive: Curved_worm
21:13:56 | INFO: Primitives created: 1
21:13:56 | INFO: Extracting primitive: Sphere.004
21:13:56 | INFO: Primitives created: 1
21:13:56 | INFO: Extracting primitive: Sphere.005
21:13:56 | INFO: Primitives created: 1
21:13:56 | INFO: Extracting primitive: Sphere.006
21:13:56 | INFO: Primitives created: 1
21:13:56 | INFO: Extracting primitive: Sphere.007
21:13:56 | INFO: Primitives created: 1
21:13:56 | INFO: Extracting primitive: Sphere.008
21:13:56 | INFO: Primitives created: 1
21:13:56 | INFO: Extracting primitive: Sphere.009
21:13:56 | INFO: Primitives created: 1
21:13:56 | INFO: Extracting primitive: Sphere.010
21:13:56 | INFO: Primitives created: 1
21:13:56 | INFO: Extracting primitive: Sphere.011
21:13:56 | INFO: Primitives created: 1
21:13:56 | INFO: Extracting primitive: Sphere.012
21:13:56 | INFO: Primitives created: 1
21:13:56 | INFO: Extracting primitive: Sphere.013
21:13:56 | INFO: Primitives created: 1
21:13:56 | INFO: Finished glTF 2.0 export in 0.013681888580322266 s

21:13:56 | INFO: Starting glTF 2.0 export
21:13:56 | INFO: Extracting primitive: Hook.002
21:13:56 | INFO: Primitives created: 1
21:13:56 | INFO: Extracting primitive: Sphere.014
21:13:56 | INFO: Primitives created: 1
21:13:56 | INFO: Extracting primitive: Sphere.015
21:13:56 | INFO: Primitives created: 1
21:13:56 | INFO: Extracting primitive: Sphere.016
21:13:56 | INFO: Primitives created: 1
21:13:56 | INFO: Extracting primitive: Antenna
21:13:56 | INFO: Primitives created: 1
21:13:56 | INFO: Extracting primitive: Sphere.017
21:13:56 | INFO: Primitives created: 1
21:13:56 | INFO: Extracting primitive: Antenna.001
21:13:56 | INFO: Primitives created: 1
21:13:56 | INFO: Finished glTF 2.0 export in 0.01001882553100586 s
E:\Trunks\moonwater-fishing-source-20260920\tools\generate_fishing_details.py:102: DeprecationWarning: 'World.use_nodes' is expected to be removed in Blender 6.0
  scene.world=bpy.data.worlds.new('Studio');scene.world.use_nodes=True;scene.world.node_tree.nodes['Background'].inputs[0].default_value=(.23,.28,.29,1)
00:02.578  render           | Saved: 'E:\Trunks\moonwater-fishing-source-20260920\assets_pipeline\fishing-details\final_threequarter.png'
00:03.562  render           | Saved: 'E:\Trunks\moonwater-fishing-source-20260920\assets_pipeline\fishing-details\final_front.png'
00:04.547  render           | Saved: 'E:\Trunks\moonwater-fishing-source-20260920\assets_pipeline\fishing-details\final_side.png'
00:05.562  render           | Saved: 'E:\Trunks\moonwater-fishing-source-20260920\assets_pipeline\fishing-details\final_top.png'
00:06.562  render           | Saved: 'E:\Trunks\moonwater-fishing-source-20260920\assets_pipeline\fishing-details\final_rear.png'
00:06.687  render           | Saved: 'E:\Trunks\moonwater-fishing-source-20260920\dist\assets\models\fishing-details\bait_grain.png'
00:06.797  render           | Saved: 'E:\Trunks\moonwater-fishing-source-20260920\dist\assets\models\fishing-details\bait_worm.png'
00:06.906  render           | Saved: 'E:\Trunks\moonwater-fishing-source-20260920\dist\assets\models\fishing-details\bait_glow.png'

Info: Saved as "fishing_details.blend"
VALIDATED {"lane": "Art-directed", "units": "metres", "materials": "palette PBR, no baked textures", "assets": [{"name": "tackle_box", "triangles": 792}, {"name": "field_stool", "triangles": 480}, {"name": "bait_bucket", "triangles": 728}, {"name": "angler_hat", "triangles": 428}, {"name": "bait_grain", "triangles": 636}, {"name": "bait_worm", "triangles": 2076}, {"name": "bait_glow", "triangles": 756}]}
Blender 5.0.0 (hash a37564c4df7a built 2025-11-18 11:06:54)

Blender quit
