E:\Trunks\moonwater-fishing-source-20260920\tools\generate_ferries.py:10: DeprecationWarning: 'Material.use_nodes' is expected to be removed in Blender 6.0
  m=bpy.data.materials.new(name);m.diffuse_color=(*color,1);m.use_nodes=True;p=m.node_tree.nodes.get('Principled BSDF');p.inputs['Base Color'].default_value=(*color,1);p.inputs['Roughness'].default_value=rough;return m
INFO Draco mesh compression is available, use library at C:\Program Files\Blender Foundation\Blender 5.0\5.0\scripts\addons_core\io_scene_gltf2\extern_draco.dll
20:32:32 | INFO: Starting glTF 2.0 export
20:32:32 | INFO: Extracting primitive: Cube.002
20:32:32 | INFO: Primitives created: 1
20:32:32 | INFO: Extracting primitive: Cube.003
20:32:32 | INFO: Primitives created: 1
20:32:32 | INFO: Extracting primitive: Cube.004
20:32:32 | INFO: Primitives created: 1
20:32:32 | INFO: Extracting primitive: Cube.005
20:32:32 | INFO: Primitives created: 1
20:32:32 | INFO: Extracting primitive: Cube.006
20:32:32 | INFO: Primitives created: 1
20:32:32 | INFO: Extracting primitive: Cube.007
20:32:32 | INFO: Primitives created: 1
20:32:32 | INFO: Extracting primitive: Cube.008
20:32:32 | INFO: Primitives created: 1
20:32:32 | INFO: Extracting primitive: Cube.009
20:32:32 | INFO: Primitives created: 1
20:32:32 | INFO: Extracting primitive: Cube.010
20:32:32 | INFO: Primitives created: 1
20:32:32 | INFO: Extracting primitive: Cube.011
20:32:32 | INFO: Primitives created: 1
20:32:32 | INFO: Extracting primitive: Cube.012
20:32:32 | INFO: Primitives created: 1
20:32:32 | INFO: Extracting primitive: Cube.013
20:32:32 | INFO: Primitives created: 1
20:32:32 | INFO: Extracting primitive: Cube.014
20:32:32 | INFO: Primitives created: 1
20:32:32 | INFO: Extracting primitive: Cube.015
20:32:32 | INFO: Primitives created: 1
20:32:32 | INFO: Extracting primitive: Cylinder
20:32:32 | INFO: Primitives created: 1
20:32:32 | INFO: Extracting primitive: Cylinder.001
20:32:32 | INFO: Primitives created: 1
20:32:32 | INFO: Extracting primitive: Ferry_hull
20:32:32 | INFO: Primitives created: 1
20:32:32 | INFO: Extracting primitive: Cube.001
20:32:32 | INFO: Primitives created: 1
20:32:32 | INFO: Extracting primitive: Cube.025
20:32:32 | INFO: Primitives created: 1
20:32:32 | INFO: Extracting primitive: Cube.026
20:32:32 | INFO: Primitives created: 1
20:32:32 | INFO: Extracting primitive: Cube.027
20:32:32 | INFO: Primitives created: 1
20:32:32 | INFO: Extracting primitive: Cube.028
20:32:32 | INFO: Primitives created: 1
20:32:32 | INFO: Extracting primitive: Cube.029
20:32:32 | INFO: Primitives created: 1
20:32:32 | INFO: Extracting primitive: Cube.030
20:32:32 | INFO: Primitives created: 1
20:32:32 | INFO: Extracting primitive: Cube.016
20:32:32 | INFO: Primitives created: 1
20:32:32 | INFO: Extracting primitive: Cube.017
20:32:32 | INFO: Primitives created: 1
20:32:32 | INFO: Extracting primitive: Cube.018
20:32:32 | INFO: Primitives created: 1
20:32:32 | INFO: Extracting primitive: Cube.019
20:32:32 | INFO: Primitives created: 1
20:32:32 | INFO: Extracting primitive: Cube.020
20:32:32 | INFO: Primitives created: 1
20:32:32 | INFO: Extracting primitive: Cube.021
20:32:32 | INFO: Primitives created: 1
20:32:32 | INFO: Extracting primitive: Cube.022
20:32:32 | INFO: Primitives created: 1
20:32:32 | INFO: Extracting primitive: Cube.023
20:32:32 | INFO: Primitives created: 1
20:32:32 | INFO: Extracting primitive: Cube.024
20:32:32 | INFO: Primitives created: 1
20:32:32 | INFO: Extracting primitive: Cube
20:32:32 | INFO: Primitives created: 1
20:32:32 | INFO: Finished glTF 2.0 export in 0.038604736328125 s

20:32:32 | INFO: Starting glTF 2.0 export
20:32:32 | INFO: Extracting primitive: Cube.033
20:32:32 | INFO: Primitives created: 1
20:32:32 | INFO: Extracting primitive: Cube.034
20:32:32 | INFO: Primitives created: 1
20:32:32 | INFO: Extracting primitive: Cube.035
20:32:32 | INFO: Primitives created: 1
20:32:32 | INFO: Extracting primitive: Cube.036
20:32:32 | INFO: Primitives created: 1
20:32:32 | INFO: Extracting primitive: Cube.037
20:32:32 | INFO: Primitives created: 1
20:32:32 | INFO: Extracting primitive: Cube.038
20:32:32 | INFO: Primitives created: 1
20:32:32 | INFO: Extracting primitive: Cube.039
20:32:32 | INFO: Primitives created: 1
20:32:32 | INFO: Extracting primitive: Cube.040
20:32:32 | INFO: Primitives created: 1
20:32:32 | INFO: Extracting primitive: Cube.041
20:32:32 | INFO: Primitives created: 1
20:32:32 | INFO: Extracting primitive: Cube.042
20:32:32 | INFO: Primitives created: 1
20:32:32 | INFO: Extracting primitive: Cube.043
20:32:32 | INFO: Primitives created: 1
20:32:32 | INFO: Extracting primitive: Cube.044
20:32:32 | INFO: Primitives created: 1
20:32:32 | INFO: Extracting primitive: Cube.045
20:32:32 | INFO: Primitives created: 1
20:32:32 | INFO: Extracting primitive: Cube.046
20:32:32 | INFO: Primitives created: 1
20:32:32 | INFO: Extracting primitive: Cylinder.002
20:32:32 | INFO: Primitives created: 1
20:32:32 | INFO: Extracting primitive: Cylinder.003
20:32:32 | INFO: Primitives created: 1
20:32:32 | INFO: Extracting primitive: Ferry_hull.001
20:32:32 | INFO: Primitives created: 1
20:32:32 | INFO: Extracting primitive: Cube.032
20:32:32 | INFO: Primitives created: 1
20:32:32 | INFO: Extracting primitive: Cube.056
20:32:32 | INFO: Primitives created: 1
20:32:32 | INFO: Extracting primitive: Cube.057
20:32:32 | INFO: Primitives created: 1
20:32:32 | INFO: Extracting primitive: Cube.058
20:32:32 | INFO: Primitives created: 1
20:32:32 | INFO: Extracting primitive: Cube.059
20:32:32 | INFO: Primitives created: 1
20:32:32 | INFO: Extracting primitive: Cube.060
20:32:32 | INFO: Primitives created: 1
20:32:32 | INFO: Extracting primitive: Cube.061
20:32:32 | INFO: Primitives created: 1
20:32:32 | INFO: Extracting primitive: Cube.047
20:32:32 | INFO: Primitives created: 1
20:32:32 | INFO: Extracting primitive: Cube.048
20:32:32 | INFO: Primitives created: 1
20:32:32 | INFO: Extracting primitive: Cube.049
20:32:32 | INFO: Primitives created: 1
20:32:32 | INFO: Extracting primitive: Cube.050
20:32:32 | INFO: Primitives created: 1
20:32:32 | INFO: Extracting primitive: Cube.051
20:32:32 | INFO: Primitives created: 1
20:32:32 | INFO: Extracting primitive: Cube.052
20:32:32 | INFO: Primitives created: 1
20:32:32 | INFO: Extracting primitive: Cube.053
20:32:32 | INFO: Primitives created: 1
20:32:32 | INFO: Extracting primitive: Cube.054
20:32:32 | INFO: Primitives created: 1
20:32:32 | INFO: Extracting primitive: Cube.055
20:32:32 | INFO: Primitives created: 1
20:32:32 | INFO: Extracting primitive: Cube.031
20:32:32 | INFO: Primitives created: 1
20:32:32 | INFO: Finished glTF 2.0 export in 0.03675079345703125 s
00:06.328  render           | Saved: 'E:\Trunks\moonwater-fishing-source-20260920\assets_pipeline\distant-ferries\ferries_contact.png'

Info: Saved as "distant_ferries.blend"
VALIDATED {"lane": "Art-directed", "units": "metres", "assets": [{"name": "passenger_ferry_a", "scale": 1}, {"name": "passenger_ferry_b", "scale": 0.76}], "pivot": "body centre", "texture_policy": "embedded palette PBR"}
Blender 5.0.0 (hash a37564c4df7a built 2025-11-18 11:06:54)

Blender quit
