E:\Trunks\moonwater-fishing-source-20260920\tools\generate_ferries.py:10: DeprecationWarning: 'Material.use_nodes' is expected to be removed in Blender 6.0
  m=bpy.data.materials.new(name);m.diffuse_color=(*color,1);m.use_nodes=True;p=m.node_tree.nodes.get('Principled BSDF');p.inputs['Base Color'].default_value=(*color,1);p.inputs['Roughness'].default_value=rough;return m
INFO Draco mesh compression is available, use library at C:\Program Files\Blender Foundation\Blender 5.0\5.0\scripts\addons_core\io_scene_gltf2\extern_draco.dll
11:38:47 | INFO: Starting glTF 2.0 export
11:38:47 | INFO: Extracting primitive: Cube.036
11:38:47 | INFO: Primitives created: 1
11:38:47 | INFO: Extracting primitive: Cube.037
11:38:47 | INFO: Primitives created: 1
11:38:47 | INFO: Extracting primitive: Cube.038
11:38:47 | INFO: Primitives created: 1
11:38:47 | INFO: Extracting primitive: Cube.002
11:38:47 | INFO: Primitives created: 1
11:38:47 | INFO: Extracting primitive: Cube.003
11:38:47 | INFO: Primitives created: 1
11:38:47 | INFO: Extracting primitive: Cube.004
11:38:47 | INFO: Primitives created: 1
11:38:47 | INFO: Extracting primitive: Cube.005
11:38:47 | INFO: Primitives created: 1
11:38:47 | INFO: Extracting primitive: Cube.006
11:38:47 | INFO: Primitives created: 1
11:38:47 | INFO: Extracting primitive: Cube.007
11:38:47 | INFO: Primitives created: 1
11:38:47 | INFO: Extracting primitive: Cube.008
11:38:47 | INFO: Primitives created: 1
11:38:47 | INFO: Extracting primitive: Cube.009
11:38:47 | INFO: Primitives created: 1
11:38:47 | INFO: Extracting primitive: Cube.010
11:38:47 | INFO: Primitives created: 1
11:38:47 | INFO: Extracting primitive: Cube.011
11:38:47 | INFO: Primitives created: 1
11:38:47 | INFO: Extracting primitive: Cube.012
11:38:47 | INFO: Primitives created: 1
11:38:47 | INFO: Extracting primitive: Cube.013
11:38:47 | INFO: Primitives created: 1
11:38:47 | INFO: Extracting primitive: Cube.014
11:38:47 | INFO: Primitives created: 1
11:38:47 | INFO: Extracting primitive: Cube.015
11:38:47 | INFO: Primitives created: 1
11:38:47 | INFO: Extracting primitive: Cube.016
11:38:47 | INFO: Primitives created: 1
11:38:47 | INFO: Extracting primitive: Cube.017
11:38:47 | INFO: Primitives created: 1
11:38:47 | INFO: Extracting primitive: Cube.018
11:38:47 | INFO: Primitives created: 1
11:38:47 | INFO: Extracting primitive: Cube.019
11:38:47 | INFO: Primitives created: 1
11:38:47 | INFO: Extracting primitive: Cube.039
11:38:47 | INFO: Primitives created: 1
11:38:47 | INFO: Extracting primitive: Cylinder
11:38:47 | INFO: Primitives created: 1
11:38:47 | INFO: Extracting primitive: Cylinder.001
11:38:47 | INFO: Primitives created: 1
11:38:47 | INFO: Extracting primitive: Cylinder.002
11:38:47 | INFO: Primitives created: 1
11:38:47 | INFO: Extracting primitive: Cylinder.003
11:38:47 | INFO: Primitives created: 1
11:38:47 | INFO: Extracting primitive: Cylinder.004
11:38:47 | INFO: Primitives created: 1
11:38:47 | INFO: Extracting primitive: Cylinder.005
11:38:47 | INFO: Primitives created: 1
11:38:47 | INFO: Extracting primitive: Cylinder.006
11:38:47 | INFO: Primitives created: 1
11:38:47 | INFO: Extracting primitive: Cylinder.007
11:38:47 | INFO: Primitives created: 1
11:38:47 | INFO: Extracting primitive: Cylinder.008
11:38:47 | INFO: Primitives created: 1
11:38:47 | INFO: Extracting primitive: Cylinder.009
11:38:47 | INFO: Primitives created: 1
11:38:47 | INFO: Extracting primitive: Cylinder.010
11:38:47 | INFO: Primitives created: 1
11:38:47 | INFO: Extracting primitive: Cylinder.011
11:38:47 | INFO: Primitives created: 1
11:38:47 | INFO: Extracting primitive: Cylinder.012
11:38:47 | INFO: Primitives created: 1
11:38:47 | INFO: Extracting primitive: Ferry_hull
11:38:47 | INFO: Primitives created: 1
11:38:47 | INFO: Extracting primitive: Cube.035
11:38:47 | INFO: Primitives created: 1
11:38:47 | INFO: Extracting primitive: Cube.040
11:38:47 | INFO: Primitives created: 1
11:38:47 | INFO: Extracting primitive: Cube.028
11:38:47 | INFO: Primitives created: 1
11:38:47 | INFO: Extracting primitive: Cube.034
11:38:47 | INFO: Primitives created: 1
11:38:47 | INFO: Extracting primitive: Cube.041
11:38:47 | INFO: Primitives created: 1
11:38:47 | INFO: Extracting primitive: Cube.001
11:38:47 | INFO: Primitives created: 1
11:38:47 | INFO: Extracting primitive: Cube.042
11:38:47 | INFO: Primitives created: 1
11:38:47 | INFO: Extracting primitive: Cube.043
11:38:47 | INFO: Primitives created: 1
11:38:47 | INFO: Extracting primitive: Cube.044
11:38:47 | INFO: Primitives created: 1
11:38:47 | INFO: Extracting primitive: Cube.045
11:38:47 | INFO: Primitives created: 1
11:38:47 | INFO: Extracting primitive: Cube.046
11:38:47 | INFO: Primitives created: 1
11:38:47 | INFO: Extracting primitive: Cube.047
11:38:47 | INFO: Primitives created: 1
11:38:47 | INFO: Extracting primitive: Cube.020
11:38:47 | INFO: Primitives created: 1
11:38:47 | INFO: Extracting primitive: Cube.022
11:38:47 | INFO: Primitives created: 1
11:38:47 | INFO: Extracting primitive: Cube.021
11:38:47 | INFO: Primitives created: 1
11:38:47 | INFO: Extracting primitive: Cube.023
11:38:47 | INFO: Primitives created: 1
11:38:47 | INFO: Extracting primitive: Cube.024
11:38:47 | INFO: Primitives created: 1
11:38:47 | INFO: Extracting primitive: Cube.025
11:38:47 | INFO: Primitives created: 1
11:38:47 | INFO: Extracting primitive: Cube.026
11:38:47 | INFO: Primitives created: 1
11:38:47 | INFO: Extracting primitive: Cube.027
11:38:47 | INFO: Primitives created: 1
11:38:47 | INFO: Extracting primitive: Cube.029
11:38:47 | INFO: Primitives created: 1
11:38:47 | INFO: Extracting primitive: Cube.030
11:38:47 | INFO: Primitives created: 1
11:38:47 | INFO: Extracting primitive: Cube.031
11:38:47 | INFO: Primitives created: 1
11:38:47 | INFO: Extracting primitive: Cube.032
11:38:47 | INFO: Primitives created: 1
11:38:47 | INFO: Extracting primitive: Cube.033
11:38:47 | INFO: Primitives created: 1
11:38:47 | INFO: Extracting primitive: Cube
11:38:47 | INFO: Primitives created: 1
11:38:47 | INFO: Finished glTF 2.0 export in 0.0741875171661377 s

11:38:48 | INFO: Starting glTF 2.0 export
11:38:48 | INFO: Extracting primitive: Cube.050
11:38:48 | INFO: Primitives created: 1
11:38:48 | INFO: Extracting primitive: Cube.051
11:38:48 | INFO: Primitives created: 1
11:38:48 | INFO: Extracting primitive: Cube.052
11:38:48 | INFO: Primitives created: 1
11:38:48 | INFO: Extracting primitive: Cube.053
11:38:48 | INFO: Primitives created: 1
11:38:48 | INFO: Extracting primitive: Cube.054
11:38:48 | INFO: Primitives created: 1
11:38:48 | INFO: Extracting primitive: Cube.055
11:38:48 | INFO: Primitives created: 1
11:38:48 | INFO: Extracting primitive: Cube.056
11:38:48 | INFO: Primitives created: 1
11:38:48 | INFO: Extracting primitive: Cube.057
11:38:48 | INFO: Primitives created: 1
11:38:48 | INFO: Extracting primitive: Cube.058
11:38:48 | INFO: Primitives created: 1
11:38:48 | INFO: Extracting primitive: Cube.059
11:38:48 | INFO: Primitives created: 1
11:38:48 | INFO: Extracting primitive: Cube.060
11:38:48 | INFO: Primitives created: 1
11:38:48 | INFO: Extracting primitive: Cube.061
11:38:48 | INFO: Primitives created: 1
11:38:48 | INFO: Extracting primitive: Cube.062
11:38:48 | INFO: Primitives created: 1
11:38:48 | INFO: Extracting primitive: Cube.063
11:38:48 | INFO: Primitives created: 1
11:38:48 | INFO: Extracting primitive: Cube.075
11:38:48 | INFO: Primitives created: 1
11:38:48 | INFO: Extracting primitive: Cylinder.013
11:38:48 | INFO: Primitives created: 1
11:38:48 | INFO: Extracting primitive: Cylinder.014
11:38:48 | INFO: Primitives created: 1
11:38:48 | INFO: Extracting primitive: Cylinder.015
11:38:48 | INFO: Primitives created: 1
11:38:48 | INFO: Extracting primitive: Cylinder.016
11:38:48 | INFO: Primitives created: 1
11:38:48 | INFO: Extracting primitive: Cylinder.017
11:38:48 | INFO: Primitives created: 1
11:38:48 | INFO: Extracting primitive: Cylinder.018
11:38:48 | INFO: Primitives created: 1
11:38:48 | INFO: Extracting primitive: Cylinder.019
11:38:48 | INFO: Primitives created: 1
11:38:48 | INFO: Extracting primitive: Cylinder.020
11:38:48 | INFO: Primitives created: 1
11:38:48 | INFO: Extracting primitive: Cylinder.021
11:38:48 | INFO: Primitives created: 1
11:38:48 | INFO: Extracting primitive: Cylinder.022
11:38:48 | INFO: Primitives created: 1
11:38:48 | INFO: Extracting primitive: Cylinder.023
11:38:48 | INFO: Primitives created: 1
11:38:48 | INFO: Extracting primitive: Cylinder.024
11:38:48 | INFO: Primitives created: 1
11:38:48 | INFO: Extracting primitive: Cylinder.025
11:38:48 | INFO: Primitives created: 1
11:38:48 | INFO: Extracting primitive: Ferry_hull.001
11:38:48 | INFO: Primitives created: 1
11:38:48 | INFO: Extracting primitive: Cube.076
11:38:48 | INFO: Primitives created: 1
11:38:48 | INFO: Extracting primitive: Cube.070
11:38:48 | INFO: Primitives created: 1
11:38:48 | INFO: Extracting primitive: Cube.074
11:38:48 | INFO: Primitives created: 1
11:38:48 | INFO: Extracting primitive: Cube.077
11:38:48 | INFO: Primitives created: 1
11:38:48 | INFO: Extracting primitive: Cube.049
11:38:48 | INFO: Primitives created: 1
11:38:48 | INFO: Extracting primitive: Cube.078
11:38:48 | INFO: Primitives created: 1
11:38:48 | INFO: Extracting primitive: Cube.079
11:38:48 | INFO: Primitives created: 1
11:38:48 | INFO: Extracting primitive: Cube.080
11:38:48 | INFO: Primitives created: 1
11:38:48 | INFO: Extracting primitive: Cube.081
11:38:48 | INFO: Primitives created: 1
11:38:48 | INFO: Extracting primitive: Cube.082
11:38:48 | INFO: Primitives created: 1
11:38:48 | INFO: Extracting primitive: Cube.083
11:38:48 | INFO: Primitives created: 1
11:38:48 | INFO: Extracting primitive: Cube.064
11:38:48 | INFO: Primitives created: 1
11:38:48 | INFO: Extracting primitive: Cube.066
11:38:48 | INFO: Primitives created: 1
11:38:48 | INFO: Extracting primitive: Cube.065
11:38:48 | INFO: Primitives created: 1
11:38:48 | INFO: Extracting primitive: Cube.067
11:38:48 | INFO: Primitives created: 1
11:38:48 | INFO: Extracting primitive: Cube.068
11:38:48 | INFO: Primitives created: 1
11:38:48 | INFO: Extracting primitive: Cube.069
11:38:48 | INFO: Primitives created: 1
11:38:48 | INFO: Extracting primitive: Cube.071
11:38:48 | INFO: Primitives created: 1
11:38:48 | INFO: Extracting primitive: Cube.072
11:38:48 | INFO: Primitives created: 1
11:38:48 | INFO: Extracting primitive: Cube.073
11:38:48 | INFO: Primitives created: 1
11:38:48 | INFO: Extracting primitive: Cube.048
11:38:48 | INFO: Primitives created: 1
11:38:48 | INFO: Finished glTF 2.0 export in 0.0658259391784668 s
00:07.797  render           | Saved: 'E:\Trunks\moonwater-fishing-source-20260920\assets_pipeline\distant-ferries\ferries_contact.png'

Info: Saved as "distant_ferries.blend"
VALIDATED {"lane": "Art-directed", "units": "metres", "assets": [{"name": "passenger_ferry_a", "role": "distant cruise ship", "scale": 1}, {"name": "passenger_ferry_b", "role": "distant excursion ship", "scale": 0.82}], "pivot": "body centre", "axis": "+X bow forward", "texture_policy": "embedded palette PBR"}
Blender 5.0.0 (hash a37564c4df7a built 2025-11-18 11:06:54)

Blender quit
