E:\Trunks\moonwater-fishing-source-20260920\tools\generate_marine_life.py:9: DeprecationWarning: 'Material.use_nodes' is expected to be removed in Blender 6.0
  m=bpy.data.materials.new(name);m.diffuse_color=(*color,1);m.use_nodes=True
INFO Draco mesh compression is available, use library at C:\Program Files\Blender Foundation\Blender 5.0\5.0\scripts\addons_core\io_scene_gltf2\extern_draco.dll
19:31:53 | INFO: Starting glTF 2.0 export
19:31:53 | INFO: Extracting primitive: reef_shark_body
19:31:53 | INFO: Primitives created: 2
19:31:53 | INFO: Extracting primitive: Dorsal
19:31:53 | INFO: Primitives created: 1
19:31:53 | INFO: Extracting primitive: Pectoral
19:31:53 | INFO: Primitives created: 1
19:31:53 | INFO: Extracting primitive: Pectoral.001
19:31:53 | INFO: Primitives created: 1
19:31:53 | INFO: Extracting primitive: Tail_upper
19:31:53 | INFO: Primitives created: 1
19:31:53 | INFO: Extracting primitive: Tail_lower
19:31:53 | INFO: Primitives created: 1
19:31:53 | INFO: Extracting primitive: Icosphere
19:31:53 | INFO: Primitives created: 1
19:31:53 | INFO: Extracting primitive: Icosphere.001
19:31:53 | INFO: Primitives created: 1
19:31:53 | INFO: Finished glTF 2.0 export in 0.00950479507446289 s

19:31:53 | INFO: Starting glTF 2.0 export
19:31:53 | INFO: Extracting primitive: shoal_fish_body
19:31:53 | INFO: Primitives created: 2
19:31:53 | INFO: Extracting primitive: Dorsal.001
19:31:53 | INFO: Primitives created: 1
19:31:53 | INFO: Extracting primitive: Pectoral.002
19:31:53 | INFO: Primitives created: 1
19:31:53 | INFO: Extracting primitive: Pectoral.003
19:31:53 | INFO: Primitives created: 1
19:31:53 | INFO: Extracting primitive: Tail_upper.001
19:31:53 | INFO: Primitives created: 1
19:31:53 | INFO: Extracting primitive: Tail_lower.001
19:31:53 | INFO: Primitives created: 1
19:31:53 | INFO: Extracting primitive: Icosphere.002
19:31:53 | INFO: Primitives created: 1
19:31:53 | INFO: Extracting primitive: Icosphere.003
19:31:53 | INFO: Primitives created: 1
19:31:53 | INFO: Finished glTF 2.0 export in 0.010179281234741211 s

19:31:53 | INFO: Starting glTF 2.0 export
19:31:53 | INFO: Extracting primitive: silver_fish_body
19:31:53 | INFO: Primitives created: 2
19:31:53 | INFO: Extracting primitive: Dorsal.002
19:31:53 | INFO: Primitives created: 1
19:31:53 | INFO: Extracting primitive: Pectoral.004
19:31:53 | INFO: Primitives created: 1
19:31:53 | INFO: Extracting primitive: Pectoral.005
19:31:53 | INFO: Primitives created: 1
19:31:53 | INFO: Extracting primitive: Tail_upper.002
19:31:53 | INFO: Primitives created: 1
19:31:53 | INFO: Extracting primitive: Tail_lower.002
19:31:53 | INFO: Primitives created: 1
19:31:53 | INFO: Extracting primitive: Icosphere.004
19:31:53 | INFO: Primitives created: 1
19:31:53 | INFO: Extracting primitive: Icosphere.005
19:31:53 | INFO: Primitives created: 1
19:31:53 | INFO: Finished glTF 2.0 export in 0.009505271911621094 s
E:\Trunks\moonwater-fishing-source-20260920\tools\generate_marine_life.py:82: DeprecationWarning: 'World.use_nodes' is expected to be removed in Blender 6.0
  scene.world=bpy.data.worlds.new('Beach_review_world');scene.world.color=(.35,.35,.35);scene.world.use_nodes=True;scene.world.node_tree.nodes.get('Background').inputs['Color'].default_value=(.55,.65,.75,1);scene.world.node_tree.nodes.get('Background').inputs['Strength'].default_value=.55
00:01.781  render           | Saved: 'E:\Trunks\moonwater-fishing-source-20260920\assets_pipeline\marine-life\final_front.png'
00:02.062  render           | Saved: 'E:\Trunks\moonwater-fishing-source-20260920\assets_pipeline\marine-life\final_side.png'
00:02.344  render           | Saved: 'E:\Trunks\moonwater-fishing-source-20260920\assets_pipeline\marine-life\final_top.png'
00:02.656  render           | Saved: 'E:\Trunks\moonwater-fishing-source-20260920\assets_pipeline\marine-life\final_threequarter.png'
00:02.937  render           | Saved: 'E:\Trunks\moonwater-fishing-source-20260920\assets_pipeline\marine-life\final_rear.png'
00:03.250  render           | Saved: 'E:\Trunks\moonwater-fishing-source-20260920\assets_pipeline\marine-life\final_clay.png'
E:\Trunks\moonwater-fishing-source-20260920\tools\generate_marine_life.py:9: DeprecationWarning: 'Material.use_nodes' is expected to be removed in Blender 6.0
  m=bpy.data.materials.new(name);m.diffuse_color=(*color,1);m.use_nodes=True
00:03.578  render           | Saved: 'E:\Trunks\moonwater-fishing-source-20260920\assets_pipeline\marine-life\final_silhouette.png'

Info: Saved as "marine_life.blend"
VALIDATED {"lane": "Art-directed", "units": "metres", "assets": [{"name": "reef_shark", "triangles": 216, "pivot": "body centre"}, {"name": "shoal_fish", "triangles": 216, "pivot": "body centre"}, {"name": "silver_fish", "triangles": 216, "pivot": "body centre"}], "texture_policy": "palette PBR; no baked texture or production UV claim"}
Blender 5.0.0 (hash a37564c4df7a built 2025-11-18 11:06:54)

Blender quit
